// Jest Snapshot v1, https://goo.gl/fbAQLP

exports[`Input component Render Input with default props 1`] = `
<div>
  <input
    class="py-2 px-3 border border-gray-300 focus:border-red-300 focus:outline-none focus:ring focus:ring-red-200 focus:ring-opacity-50 rounded-md shadow-sm disabled:bg-gray-100 mt-1 block w-full"
  />
</div>
`;
